Microchip MPLAB XC8 Compiler V2.45

Linker command line:

-W-3 \
  --edf=C:\Program Files\Microchip\xc8\v2.45\pic\dat\20230818022343_en.msgs \
  -cn -h+dist/default/debug\GSM.X.debug.sym \
  --cmf=dist/default/debug\GSM.X.debug.cmf -z -Q16F877A \
  -oC:\Users\aswin\AppData\Local\Temp\xcAs72c.\driver_tmp_3.o \
  --defsym=__MPLAB_BUILD=1 --fixupoverflow=error \
  -Mdist/default/debug/GSM.X.debug.map \
  --md=C:\Users\aswin\AppData\Local\Temp\xcAs72c.\driver_tmp_0.dat -E1 \
  -ver=XC8 Compiler --acfsm=1493 -ACODE=00h-07FFhx4 -ASTRCODE=00h-01FFFh \
  -ASTRING=00h-0FFhx32 -ACONST=00h-0FFhx32 -AENTRY=00h-0FFhx32 \
  -ACOMMON=070h-07Fh -ABANK0=020h-06Fh -ABANK1=0A0h-0EFh \
  -ABANK2=0110h-016Fh -ABANK3=0190h-01EFh \
  -ARAM=020h-06Fh,0A0h-0EFh,0110h-016Fh,0190h-01EFh \
  -AABS1=020h-07Fh,0A0h-0EFh,0110h-016Fh,0190h-01EFh -ASFR0=00h-01Fh \
  -ASFR1=080h-09Fh -ASFR2=0100h-010Fh -ASFR3=0180h-018Fh \
  -ACONFIG=02007h-02007h -DCONFIG=2 -AIDLOC=02000h-02003h -DIDLOC=2 \
  -AEEDATA=00h-0FFh/02100h -peeprom_data=EEDATA -DEEDATA=2 -DCODE=2 \
  -DSTRCODE=2 -DSTRING=2 -DCONST=2 -DENTRY=2 \
  -preset_vec=00h,intentry,init,end_init -ppowerup=CODE -pcinit=CODE \
  -pfunctab=ENTRY -k \
  C:\Users\aswin\AppData\Local\Temp\xcAs72c.\driver_tmp_12.o \
  dist/default/debug\GSM.X.debug.o 

Object code version is 3.11

Machine type is 16F877A



                Name                               Link     Load   Length Selector   Space Scale
C:\Users\aswin\AppData\Local\Temp\xcAs72c.\driver_tmp_12.o
                end_init                              0        0        3        0       0
                config                             2007     2007        1        0       4
dist/default/debug\GSM.X.debug.o
                cinit                               7FC      7FC        4      FF8       0
                config                             2007     2007        1        0       4
                text9                               634      634       26      C68       0
                text8                               5F8      5F8       1D      BF0       0
                text7                               5AF      5AF        A      B5E       0
                text6                               65A      65A       35      CB4       0
                text5                               68F      68F       8A      D1E       0
                text4                               5B9      5B9       13      B72       0
                text3                               5DF      5DF       19      BBE       0
                text2                               5CC      5CC       13      B98       0
                text1                               615      615       1F      C2A       0
                maintext                            719      719       E3      E32       0
                cstackBANK0                          20       20       10       20       1
                cstackCOMMON                         70       70        7       70       1
                strings                               3        3       56        6       0

TOTAL           Name                               Link     Load   Length     Space
        CLASS   CODE           
                end_init                              0        0        3         0
                cinit                               7FC      7FC        4         0
                text9                               634      634       26         0
                text8                               5F8      5F8       1D         0
                text7                               5AF      5AF        A         0
                text6                               65A      65A       35         0
                text5                               68F      68F       8A         0
                text4                               5B9      5B9       13         0
                text3                               5DF      5DF       19         0
                text2                               5CC      5CC       13         0
                text1                               615      615       1F         0
                maintext                            719      719       E3         0

        CLASS   STRCODE        

        CLASS   STRING         
                strings                               3        3       56         0

        CLASS   CONST          

        CLASS   ENTRY          

        CLASS   COMMON         
                cstackCOMMON                         70       70        7         1

        CLASS   BANK0          
                cstackBANK0                          20       20       10         1

        CLASS   BANK1          

        CLASS   BANK2          

        CLASS   BANK3          

        CLASS   RAM            

        CLASS   ABS1           
                abs_s1                               7E       7E        2         1

        CLASS   SFR0           

        CLASS   SFR1           

        CLASS   SFR2           

        CLASS   SFR3           

        CLASS   CONFIG         
                config                             2007     2007        1         4

        CLASS   IDLOC          

        CLASS   EEDATA         

        CLASS   HEAP           

        CLASS   STACK          



SEGMENTS        Name                           Load    Length   Top    Selector   Space  Class     Delta

                reset_vec                      000000  000003  000003         0       0  CODE        2
                strings                        000003  000056  000059         6       0  STRING      2
                cstackBANK0                    000020  000010  000030        20       1  BANK0       1
                cstackCOMMON                   000070  000007  000077        70       1  COMMON      1
                text7                          0005AF  00000A  0005B9       B5E       0  CODE        2
                text4                          0005B9  000013  0005CC       B72       0  CODE        2
                text2                          0005CC  000013  0005DF       B98       0  CODE        2
                text3                          0005DF  000019  0005F8       BBE       0  CODE        2
                text8                          0005F8  00001D  000615       BF0       0  CODE        2
                text1                          000615  00001F  000634       C2A       0  CODE        2
                text9                          000634  000026  00065A       C68       0  CODE        2
                text6                          00065A  000035  00068F       CB4       0  CODE        2
                text5                          00068F  00008A  000719       D1E       0  CODE        2
                maintext                       000719  0000E3  0007FC       E32       0  CODE        2
                cinit                          0007FC  000004  000800       FF8       0  CODE        2


UNUSED ADDRESS RANGES

        Name                Unused          Largest block    Delta
        BANK0            0030-006F             40           1
        BANK1            00A0-00EF             50           1
        BANK2            0110-016F             60           1
        BANK3            0190-01EF             60           1
        CODE             0059-05AE            556           2
                         0800-1FFF            800
        COMMON           0077-007D              7           1
        CONST            0059-05AE            100           2
                         0800-1FFF            100
        EEDATA           2100-21FF            100           2
        ENTRY            0059-05AE            100           2
                         0800-1FFF            100
        IDLOC            2000-2003              4           2
        RAM              0030-006F             40           1
                         00A0-00EF             50
                         0110-016F             60
                         0190-01EF             60
        SFR0             0000-001F             20           1
        SFR1             0080-009F             20           1
        SFR2             0100-010F             10           1
        SFR3             0180-018F             10           1
        STRCODE          0059-05AE            556           2
                         0800-1FFF           1800
        STRING           0059-05AE            100           2
                         0800-1FFF            100

                                  Symbol Table

Call@phoneNumber         cstackCOMMON 0072
SendCommand@command      cstackCOMMON 0070
_BRGH                    (abs)        04C2
_CREN                    (abs)        00C4
_Call                    text8        05F8
_End                     text7        05AF
_Init                    text6        065A
_PORTB                   (abs)        0006
_RB0                     (abs)        0030
_RB1                     (abs)        0031
_RD0                     (abs)        0040
_RD1                     (abs)        0041
_RD2                     (abs)        0042
_RD3                     (abs)        0043
_RD4                     (abs)        0044
_RD5                     (abs)        0045
_RD7                     (abs)        0047
_SPBRG                   (abs)        0099
_SPEN                    (abs)        00C7
_SYNC                    (abs)        04C4
_SendCommand             text9        0634
_TRISB                   (abs)        0086
_TRISD                   (abs)        0088
_TXEN                    (abs)        04C5
_TXIF                    (abs)        0064
_TXREG                   (abs)        0019
__H__absolute__          __absolute__ 0000
__Habs1                  abs1         0000
__Hbank0                 bank0        0000
__Hbank1                 bank1        0000
__Hbank2                 bank2        0000
__Hbank3                 bank3        0000
__Hcinit                 cinit        0800
__Hclrtext               clrtext      0000
__Hcode                  code         0000
__Hcommon                common       0000
__Hconfig                config       2008
__HcstackBANK0           cstackBANK0  0000
__HcstackCOMMON          cstackCOMMON 0000
__Heeprom_data           eeprom_data  0000
__Hend_init              end_init     0003
__Hfunctab               functab      0000
__Hheap                  heap         0000
__Hinit                  init         0000
__Hintentry              intentry     0000
__Hmaintext              maintext     0000
__Hpowerup               powerup      0000
__Hram                   ram          0000
__Hreset_vec             reset_vec    0000
__Hsfr0                  sfr0         0000
__Hsfr1                  sfr1         0000
__Hsfr2                  sfr2         0000
__Hsfr3                  sfr3         0000
__Hspace_0               (abs)        0800
__Hspace_1               (abs)        0077
__Hspace_2               (abs)        0000
__Hspace_3               (abs)        0000
__Hspace_4               (abs)        400F
__Hstack                 stack        0000
__Hstrings               strings      0000
__Htext                  text         0000
__L__absolute__          __absolute__ 0000
__Labs1                  abs1         0000
__Lbank0                 bank0        0000
__Lbank1                 bank1        0000
__Lbank2                 bank2        0000
__Lbank3                 bank3        0000
__Lcinit                 cinit        07FC
__Lclrtext               clrtext      0000
__Lcode                  code         0000
__Lcommon                common       0000
__Lconfig                config       0000
__LcstackBANK0           cstackBANK0  0000
__LcstackCOMMON          cstackCOMMON 0000
__Leeprom_data           eeprom_data  0000
__Lend_init              end_init     0000
__Lfunctab               functab      0000
__Lheap                  heap         0000
__Linit                  init         0000
__Lintentry              intentry     0000
__Lmaintext              maintext     0000
__Lpowerup               powerup      0000
__Lram                   ram          0000
__Lreset_vec             reset_vec    0000
__Lsfr0                  sfr0         0000
__Lsfr1                  sfr1         0000
__Lsfr2                  sfr2         0000
__Lsfr3                  sfr3         0000
__Lspace_0               (abs)        0000
__Lspace_1               (abs)        0000
__Lspace_2               (abs)        0000
__Lspace_3               (abs)        0000
__Lspace_4               (abs)        0000
__Lstack                 stack        0000
__Lstrings               strings      0000
__Ltext                  text         0000
__S0                     (abs)        0800
__S1                     (abs)        0077
__S3                     (abs)        0000
___heap_hi               (abs)        0000
___heap_lo               (abs)        0000
___int_sp                stack        0000
___int_stack_hi          stack        0000
___int_stack_lo          stack        0000
___latbits               (abs)        0002
___sp                    stack        0000
___stack_hi              stack        0000
___stack_lo              stack        0000
___stackhi               (abs)        0000
___stacklo               (abs)        0000
__end_of_Call            text8        0615
__end_of_End             text7        05B9
__end_of_Init            text6        068F
__end_of_SendCommand     text9        065A
__end_of__initialization cinit        07FC
__end_of__stringtab      strings      0013
__end_of_cmd             text4        05CC
__end_of_dat             text2        05DF
__end_of_key             text5        0719
__end_of_lcd_init        text3        05F8
__end_of_main            maintext     07FC
__end_of_show            text1        0634
__initialization         cinit        07FC
__pcstackBANK0           cstackBANK0  0020
__pcstackCOMMON          cstackCOMMON 0070
__pmaintext              maintext     0719
__pstrings               strings      0003
__ptext1                 text1        0615
__ptext2                 text2        05CC
__ptext3                 text3        05DF
__ptext4                 text4        05B9
__ptext5                 text5        068F
__ptext6                 text6        065A
__ptext7                 text7        05AF
__ptext8                 text8        05F8
__ptext9                 text9        0634
__stringbase             strings      0012
__stringtab              strings      0003
_cmd                     text4        05B9
_dat                     text2        05CC
_key                     text5        068F
_lcd_init                text3        05DF
_main                    maintext     0719
_show                    text1        0615
btemp                    (abs)        007E
cmd@a                    cstackCOMMON 0072
dat@b                    cstackCOMMON 0072
end_of_initialization    cinit        07FC
intlevel0                functab      0000
intlevel1                functab      0000
intlevel2                functab      0000
intlevel3                functab      0000
intlevel4                functab      0000
intlevel5                functab      0000
main@c                   cstackBANK0  002F
main@i                   cstackBANK0  002D
main@i_93                cstackBANK0  002B
main@phonenumber         cstackBANK0  0020
reset_vec                reset_vec    0000
show@s                   cstackCOMMON 0073
start                    init         0000
start_initialization     cinit        07FC
wtemp0                   (abs)        007E


MODULE INFORMATION

Module		Function		Class		Link	Load	Size
GSM3.c
		_SendCommand   		CODE           	0634	0000	38
		_dat           		CODE           	05CC	0000	19
		_main          		CODE           	0719	0000	227
		_End           		CODE           	05AF	0000	10
		_show          		CODE           	0615	0000	31
		_key           		CODE           	068F	0000	138
		_Init          		CODE           	065A	0000	53
		_cmd           		CODE           	05B9	0000	19
		_Call          		CODE           	05F8	0000	29
		_lcd_init      		CODE           	05DF	0000	25

GSM3.c estimated size: 589

shared
		__stringtab    		STRING         	0003	0000	16
		__initialization		CODE           	07FC	0000	1

shared estimated size: 17

